==========================================
MODULAR BLOCKCHAIN - COMPREHENSIVE TEST SUITE
==========================================

==========================================
TEST 1: BLOCK PRODUCTION
==========================================
Testing: Get blockchain status...
Response: {"height":0,"finalized_height":null,"mempool_size":0}
[0;31m✗ FAIL[0m: Block production failed (height: 0)
